// Jest Snapshot v1, https://goo.gl/fbAQLP

exports[`Takes website's snapshot 1`] = `
<DocumentFragment>
  <div
    class="App"
  >
    <div
      class="login-page"
    >
      <div
        class="container"
      >
        <h1>
          Tracking App
        </h1>
        <input
          id="username"
          placeholder="Enter Your Name"
        />
        <button
          type="submit"
        >
          Login
        </button>
      </div>
    </div>
  </div>
</DocumentFragment>
`;
